ra:  00000000 sp:  00000000 t0:  00000000 t1:  00000000 t2:  00000000 s0:  00000000 s1:  00000000 a0:  00000000 PC:  00000000 inst:  00840663 Time_Step:  0000
ra:  00000000 sp:  00000000 t0:  00000000 t1:  00000000 t2:  00000000 s0:  00000000 s1:  00000000 a0:  00000000 PC:  00000004 inst:  fff10113 Time_Step:  0001
ra:  00000000 sp:  00000000 t0:  00000000 t1:  00000000 t2:  00000000 s0:  00000000 s1:  00000000 a0:  00000000 PC:  xxxxxxxx inst:  xxxxxxxx Time_Step:  0002
ra:  00000000 sp:  00000000 t0:  00000000 t1:  00000000 t2:  00000000 s0:  00000000 s1:  00000000 a0:  00000000 PC:  xxxxxxxx inst:  xxxxxxxx Time_Step:  0003
ra:  xxxxxxxx sp:  xxxxxxxx t0:  xxxxxxxx t1:  xxxxxxxx t2:  xxxxxxxx s0:  xxxxxxxx s1:  xxxxxxxx a0:  xxxxxxxx PC:  xxxxxxxx inst:  xxxxxxxx Time_Step:  0004
ra:  xxxxxxxx sp:  xxxxxxxx t0:  xxxxxxxx t1:  xxxxxxxx t2:  xxxxxxxx s0:  xxxxxxxx s1:  xxxxxxxx a0:  xxxxxxxx PC:  xxxxxxxx inst:  xxxxxxxx Time_Step:  0005
ra:  xxxxxxxx sp:  xxxxxxxx t0:  xxxxxxxx t1:  xxxxxxxx t2:  xxxxxxxx s0:  xxxxxxxx s1:  xxxxxxxx a0:  xxxxxxxx PC:  xxxxxxxx inst:  xxxxxxxx Time_Step:  0006
ra:  xxxxxxxx sp:  xxxxxxxx t0:  xxxxxxxx t1:  xxxxxxxx t2:  xxxxxxxx s0:  xxxxxxxx s1:  xxxxxxxx a0:  xxxxxxxx PC:  xxxxxxxx inst:  xxxxxxxx Time_Step:  0007
ra:  xxxxxxxx sp:  xxxxxxxx t0:  xxxxxxxx t1:  xxxxxxxx t2:  xxxxxxxx s0:  xxxxxxxx s1:  xxxxxxxx a0:  xxxxxxxx PC:  xxxxxxxx inst:  xxxxxxxx Time_Step:  0008
ra:  xxxxxxxx sp:  xxxxxxxx t0:  xxxxxxxx t1:  xxxxxxxx t2:  xxxxxxxx s0:  xxxxxxxx s1:  xxxxxxxx a0:  xxxxxxxx PC:  xxxxxxxx inst:  xxxxxxxx Time_Step:  0009
ra:  xxxxxxxx sp:  xxxxxxxx t0:  xxxxxxxx t1:  xxxxxxxx t2:  xxxxxxxx s0:  xxxxxxxx s1:  xxxxxxxx a0:  xxxxxxxx PC:  xxxxxxxx inst:  xxxxxxxx Time_Step:  000a
ra:  xxxxxxxx sp:  xxxxxxxx t0:  xxxxxxxx t1:  xxxxxxxx t2:  xxxxxxxx s0:  xxxxxxxx s1:  xxxxxxxx a0:  xxxxxxxx PC:  xxxxxxxx inst:  xxxxxxxx Time_Step:  000b
ra:  xxxxxxxx sp:  xxxxxxxx t0:  xxxxxxxx t1:  xxxxxxxx t2:  xxxxxxxx s0:  xxxxxxxx s1:  xxxxxxxx a0:  xxxxxxxx PC:  xxxxxxxx inst:  xxxxxxxx Time_Step:  000c
ra:  xxxxxxxx sp:  xxxxxxxx t0:  xxxxxxxx t1:  xxxxxxxx t2:  xxxxxxxx s0:  xxxxxxxx s1:  xxxxxxxx a0:  xxxxxxxx PC:  xxxxxxxx inst:  xxxxxxxx Time_Step:  000d
